{"logTime": "0923/104956", "correlationVector":"8LooSbxcUb69QPdpsY2P/F.1","action":"SyncServerConnectionManagerRequest", "result":"SYNC_SERVER_OK", "context":{"environment":"Prod_southeastasia_prod-s01-064-apac-southeastasia", "migrationStage":"NotStarted", "server":"akswtt103000001"}}
{"logTime": "0923/104957", "correlationVector":"8LooSbxcUb69QPdpsY2P/F.2","action":"AAD.Mip.Unpack", "result":"Success", "context":MIP_CLOUD_COMMERCIAL:Success}
{"logTime": "0923/104957", "correlationVector":"8LooSbxcUb69QPdpsY2P/F.3","action":"EncryptionKeysManager::SetEncryptionKeys:", "result":"Success", "context":Key names[3]:[P/5sW7zW38OrfikEmy3h6KCFK4RyzAkgml4WfpPpoZVzdlEr1zxSyWRwSF6XliMaHVWxYj86GfTXrClIK55voQ==][SSjdqBXUu+WEoJEPfBkGJbHWSfeTYHO/uADO4MQ3VIjH7fHwQbXmcHcl5cqwxdIsKOpjDDl1hioJbgskjdOKXg==][CKG45RkUt2cVLRUUKFPIIx1Cw3UeNTwgfg4X7Vh937/hJk8o+ZZPlQLSoeaIHk8AbqUmvqxa2NAwU3Ee6XQ+rw==]}
{"logTime": "0923/104957", "correlationVector":"8LooSbxcUb69QPdpsY2P/F.4","action":"AAD.GetKeyResponse", "result":"Success", "context":Keys=3.LastKeyStatus=Active. 2025-04-01 13:05:17 +07.State=None. Tags: Current_encryption_keys_tag = MO+/ve+/ve+/ve+/vUvvv70ROe+/ve+/ve+/vXjvv71577+9J++/vdabJu+/ve+/ve+/vQB477+90LAl77+9, Updated_current_encryption_keys_tag = Empty. Emails: ["pannawit.ji.65@live.ubu.ac.th"]}
{"logTime": "0923/104957", "correlationVector":"8LooSbxcUb69QPdpsY2P/F.5","action":"ProcessGetUpdates", "result":"Done", "context":{"dataType":"Encryption Keys", "deleted":"0", "process_failed_to_decrypt":"0", "process_pending_decryption":"0", "process_success":"1", "total":"1"}}
{"logTime": "0923/104957", "correlationVector":"8LooSbxcUb69QPdpsY2P/F","action":"Initial GetUpdates", "result":"", "context":Reason: NEW_CLIENT. cV=8LooSbxcUb69QPdpsY2P/F}
{"logTime": "0923/104957", "correlationVector":"8LooSbxcUb69QPdpsY2P/F.6","action":"GetUpdates Response", "result":"Success", "context":Received 1 update(s). cV=8LooSbxcUb69QPdpsY2P/F.0;server=akswtt103000001;cloudType=Multitenant;environment=Prod_southeastasia_prod-s01-064-apac-southeastasia;migrationStage=NotStarted}
{"logTime": "0923/104957", "correlationVector":"wFzWCilJc+3Sre2mMk5mrr","action":"Initial GetUpdates", "result":"", "context":Reason: NEW_CLIENT. cV=wFzWCilJc+3Sre2mMk5mrr}
{"logTime": "0923/104957", "correlationVector":"wFzWCilJc+3Sre2mMk5mrr.1","action":"SyncServerConnectionManagerRequest", "result":"SYNC_SERVER_OK", "context":{"environment":"Prod_southeastasia_prod-s01-064-apac-southeastasia", "migrationStage":"NotStarted", "server":"akswtt10300000j"}}
{"logTime": "0923/104957", "correlationVector":"wFzWCilJc+3Sre2mMk5mrr.2","action":"ProcessGetUpdates", "result":"Done", "context":{"dataType":"Preferences", "deleted":"0", "process_failed_to_decrypt":"0", "process_pending_decryption":"0", "process_success":"62", "total":"62"}}
{"logTime": "0923/104957", "correlationVector":"wFzWCilJc+3Sre2mMk5mrr.3","action":"ProcessGetUpdates", "result":"Done", "context":{"dataType":"Passwords", "deleted":"0", "process_failed_to_decrypt":"0", "process_pending_decryption":"0", "process_success":"8", "total":"8"}}
{"logTime": "0923/104957", "correlationVector":"wFzWCilJc+3Sre2mMk5mrr.4","action":"ProcessGetUpdates", "result":"Done", "context":{"dataType":"Device Info", "deleted":"0", "process_failed_to_decrypt":"0", "process_pending_decryption":"0", "process_success":"11", "total":"11"}}
{"logTime": "0923/104957", "correlationVector":"wFzWCilJc+3Sre2mMk5mrr.5","action":"GetUpdates Response", "result":"Success", "context":Received 81 update(s). cV=wFzWCilJc+3Sre2mMk5mrr.0;server=akswtt10300000j;cloudType=Multitenant;environment=Prod_southeastasia_prod-s01-064-apac-southeastasia;migrationStage=NotStarted}
{"logTime": "0923/104957", "correlationVector":"+POX2UIc8dWNFrb2YUnp9i","action":"Initial GetUpdates", "result":"", "context":Reason: NEW_CLIENT. cV=+POX2UIc8dWNFrb2YUnp9i}
{"logTime": "0923/104958", "correlationVector":"+POX2UIc8dWNFrb2YUnp9i.1","action":"SyncServerConnectionManagerRequest", "result":"SYNC_SERVER_OK", "context":{"environment":"Prod_southeastasia_prod-s01-064-apac-southeastasia", "migrationStage":"NotStarted", "server":"akswtt10300000f"}}
{"logTime": "0923/104958", "correlationVector":"+POX2UIc8dWNFrb2YUnp9i.2","action":"ProcessGetUpdates", "result":"Done", "context":{"dataType":"Bookmarks", "deleted":"0", "process_failed_to_decrypt":"0", "process_pending_decryption":"0", "process_success":"9", "total":"9"}}
{"logTime": "0923/104958", "correlationVector":"+POX2UIc8dWNFrb2YUnp9i.3","action":"GetUpdates Response", "result":"Success", "context":Received 9 update(s). cV=+POX2UIc8dWNFrb2YUnp9i.0;server=akswtt10300000f;cloudType=Multitenant;environment=Prod_southeastasia_prod-s01-064-apac-southeastasia;migrationStage=NotStarted}
{"logTime": "0923/104958", "correlationVector":"weYaHpgKlb2i4Sqqcfubao","action":"Initial GetUpdates", "result":"", "context":Reason: NEW_CLIENT. cV=weYaHpgKlb2i4Sqqcfubao}
{"logTime": "0923/104958", "correlationVector":"weYaHpgKlb2i4Sqqcfubao.1","action":"SyncServerConnectionManagerRequest", "result":"SYNC_SERVER_OK", "context":{"environment":"Prod_southeastasia_prod-s01-064-apac-southeastasia", "migrationStage":"NotStarted", "server":"akswtt10300000o"}}
{"logTime": "0923/104958", "correlationVector":"weYaHpgKlb2i4Sqqcfubao.2","action":"ProcessGetUpdates", "result":"Done", "context":{"dataType":"Autofill", "deleted":"0", "process_failed_to_decrypt":"0", "process_pending_decryption":"0", "process_success":"1", "total":"1"}}
{"logTime": "0923/104958", "correlationVector":"weYaHpgKlb2i4Sqqcfubao.3","action":"ProcessGetUpdates", "result":"Done", "context":{"dataType":"Extensions", "deleted":"0", "process_failed_to_decrypt":"0", "process_pending_decryption":"0", "process_success":"2", "total":"2"}}
{"logTime": "0923/104958", "correlationVector":"weYaHpgKlb2i4Sqqcfubao.4","action":"ProcessGetUpdates", "result":"Done", "context":{"dataType":"Sessions", "deleted":"0", "process_failed_to_decrypt":"0", "process_pending_decryption":"0", "process_success":"10", "total":"10"}}
{"logTime": "0923/104958", "correlationVector":"weYaHpgKlb2i4Sqqcfubao.5","action":"ProcessGetUpdates", "result":"Done", "context":{"dataType":"Extension settings", "deleted":"0", "process_failed_to_decrypt":"0", "process_pending_decryption":"0", "process_success":"2", "total":"2"}}
{"logTime": "0923/104958", "correlationVector":"weYaHpgKlb2i4Sqqcfubao.6","action":"ProcessGetUpdates", "result":"Done", "context":{"dataType":"Edge Hub App Usage", "deleted":"0", "process_failed_to_decrypt":"0", "process_pending_decryption":"0", "process_success":"2", "total":"2"}}
{"logTime": "0923/104958", "correlationVector":"weYaHpgKlb2i4Sqqcfubao.7","action":"GetUpdates Response", "result":"Success", "context":Received 17 update(s). cV=weYaHpgKlb2i4Sqqcfubao.0;server=akswtt10300000o;cloudType=Multitenant;environment=Prod_southeastasia_prod-s01-064-apac-southeastasia;migrationStage=NotStarted}
{"logTime": "0923/104958", "correlationVector":"OR9uTBSM6y1UqwZwBm4wzs","action":"Initial GetUpdates", "result":"", "context":Reason: NEW_CLIENT. cV=OR9uTBSM6y1UqwZwBm4wzs}
{"logTime": "0923/104958", "correlationVector":"OR9uTBSM6y1UqwZwBm4wzs.1","action":"SyncServerConnectionManagerRequest", "result":"SYNC_SERVER_OK", "context":{"environment":"Prod_southeastasia_prod-s01-064-apac-southeastasia", "migrationStage":"NotStarted", "server":"akswtt103000006"}}
{"logTime": "0923/104958", "correlationVector":"OR9uTBSM6y1UqwZwBm4wzs.2","action":"ProcessGetUpdates", "result":"Done", "context":{"dataType":"History", "deleted":"0", "process_failed_to_decrypt":"0", "process_pending_decryption":"0", "process_success":"23", "total":"23"}}
{"logTime": "0923/104958", "correlationVector":"OR9uTBSM6y1UqwZwBm4wzs.3","action":"GetUpdates Response", "result":"Success", "context":Received 23 update(s). cV=OR9uTBSM6y1UqwZwBm4wzs.0;server=akswtt103000006;cloudType=Multitenant;environment=Prod_southeastasia_prod-s01-064-apac-southeastasia;migrationStage=NotStarted}
{"logTime": "0923/104958", "correlationVector":"dqnf5pyxc/+GloICOJm1ZY","action":"Normal GetUpdate request", "result":"", "context":cV=dqnf5pyxc/+GloICOJm1ZY
Nudged types: Sessions, Device Info, User Consents
Refresh requested types: Bookmarks, Preferences, Passwords, Autofill Profiles, Autofill, Extensions, Sessions, Extension settings, History Delete Directives, Device Info, User Consents, Send Tab To Self, Web Apps, History, Saved Tab Group, WebAuthn Credentials, Collection, Edge E Drop, Edge Hub App Usage, Edge Wallet, Encryption Keys}
{"logTime": "0923/104958", "correlationVector":"dqnf5pyxc/+GloICOJm1ZY.1","action":"SyncServerConnectionManagerRequest", "result":"SYNC_SERVER_OK", "context":{"environment":"Prod_southeastasia_prod-s01-064-apac-southeastasia", "migrationStage":"NotStarted", "server":"akswtt10300000j"}}
{"logTime": "0923/104958", "correlationVector":"dqnf5pyxc/+GloICOJm1ZY.2","action":"GetUpdates Response", "result":"Success", "context":Received 0 update(s). cV=dqnf5pyxc/+GloICOJm1ZY.0;server=akswtt10300000j;cloudType=Multitenant;environment=Prod_southeastasia_prod-s01-064-apac-southeastasia;migrationStage=NotStarted}
{"logTime": "0923/104958", "correlationVector":"hhognGWrsBk1AaSL/H93Yf","action":"DoCompareDataConsistency requsted types: ", "result":"Bookmarks, Preferences, Passwords, Extensions, Extension settings, History Delete Directives, Send Tab To Self, Web Apps, History, Saved Tab Group, WebAuthn Credentials, Collection, Edge E Drop, Edge Wallet, Encryption Keys"}
{"logTime": "0923/104958", "correlationVector":"hhognGWrsBk1AaSL/H93Yf.0","action":"CompareDataConsistency result: ", "result":"Compare result: Encryption Keys is consistent. local entities count is: 1 local entities hash is: Xbas+l9XoeZtedA+VhFw3y+8y/A="}
{"logTime": "0923/104958", "correlationVector":"hhognGWrsBk1AaSL/H93Yf.1","action":"CompareDataConsistency result: ", "result":"Compare result: Bookmarks is consistent. local entities count is: 3 local entities hash is: HBjcIbm9lyZ786YTHSNRt7DDzfE="}
{"logTime": "0923/104958", "correlationVector":"hhognGWrsBk1AaSL/H93Yf.2","action":"CompareDataConsistency result: ", "result":"Compare result: Preferences is consistent. local entities count is: 62 local entities hash is: I9LgWxRFdizDnuP3v6Qby5c/Uhg="}
{"logTime": "0923/104958", "correlationVector":"hhognGWrsBk1AaSL/H93Yf.3","action":"CompareDataConsistency result: ", "result":"Compare result: Passwords is consistent. local entities count is: 8 local entities hash is: YV6ccQzz4kLNbTCTp/RNfvVl6iw="}
{"logTime": "0923/104958", "correlationVector":"hhognGWrsBk1AaSL/H93Yf.4","action":"CompareDataConsistency result: ", "result":"Compare result: Extensions is consistent. local entities count is: 2 local entities hash is: IXHiLX3HnP9wm/xC3oObk5sUwKU="}
{"logTime": "0923/104958", "correlationVector":"hhognGWrsBk1AaSL/H93Yf.5","action":"CompareDataConsistency result: ", "result":"Compare result: Extension settings is consistent. local entities count is: 2 local entities hash is: FLrCSEtDe+FvVJie0WbhBfUKa8U="}
{"logTime": "0923/104958", "correlationVector":"hhognGWrsBk1AaSL/H93Yf.6","action":"CompareDataConsistency result: ", "result":"Compare result: History Delete Directives is consistent. local entities count is: 0 local entities hash is: "}
{"logTime": "0923/104958", "correlationVector":"hhognGWrsBk1AaSL/H93Yf.7","action":"CompareDataConsistency result: ", "result":"Server did not send this Send Tab To Self local entities count is: 0 local entities hash is: "}
{"logTime": "0923/104958", "correlationVector":"hhognGWrsBk1AaSL/H93Yf.8","action":"CompareDataConsistency result: ", "result":"Compare result: Web Apps is consistent. local entities count is: 0 local entities hash is: "}
{"logTime": "0923/104958", "correlationVector":"hhognGWrsBk1AaSL/H93Yf.9","action":"CompareDataConsistency result: ", "result":"Server did not send this History local entities count is: 0 local entities hash is: "}
{"logTime": "0923/104958", "correlationVector":"hhognGWrsBk1AaSL/H93Yf.10","action":"CompareDataConsistency result: ", "result":"Compare result: Saved Tab Group is consistent. local entities count is: 0 local entities hash is: "}
{"logTime": "0923/104958", "correlationVector":"hhognGWrsBk1AaSL/H93Yf.11","action":"CompareDataConsistency result: ", "result":"Server did not send this WebAuthn Credentials local entities count is: 0 local entities hash is: "}
{"logTime": "0923/104958", "correlationVector":"hhognGWrsBk1AaSL/H93Yf.12","action":"CompareDataConsistency result: ", "result":"Compare result: Collection is consistent. local entities count is: 0 local entities hash is: "}
{"logTime": "0923/104958", "correlationVector":"hhognGWrsBk1AaSL/H93Yf.13","action":"CompareDataConsistency result: ", "result":"Compare result: Edge E Drop is consistent. local entities count is: 0 local entities hash is: "}
{"logTime": "0923/104958", "correlationVector":"hhognGWrsBk1AaSL/H93Yf.14","action":"CompareDataConsistency result: ", "result":"Compare result: Edge Wallet is consistent. local entities count is: 0 local entities hash is: "}
{"logTime": "0923/104958", "correlationVector":"3HpXdCnVsXwy/R8E/PurZS","action":"Commit Request", "result":"", "context":Item count: 5
Contributing types: Sessions, Device Info, User Consents}
{"logTime": "0923/104959", "correlationVector":"3HpXdCnVsXwy/R8E/PurZS.1","action":"SyncServerConnectionManagerRequest", "result":"SYNC_SERVER_OK", "context":{"environment":"Prod_southeastasia_prod-s01-064-apac-southeastasia", "migrationStage":"NotStarted", "server":"akswtt103000007"}}
{"logTime": "0923/104959", "correlationVector":"3HpXdCnVsXwy/R8E/PurZS.2","action":"Commit Response", "result":"Success", "context":Result: Success. cV=3HpXdCnVsXwy/R8E/PurZS.0;server=akswtt103000007;cloudType=Multitenant;environment=Prod_southeastasia_prod-s01-064-apac-southeastasia;migrationStage=NotStarted}
{"logTime": "0923/104959", "correlationVector":"","action":"DIAGNOSTIC_REQUEST|v1/diagnosticData/Diagnostic.SendCheckResult()|SUCCESS", "result":""}
{"logTime": "0923/105818", "correlationVector":"UHy8QaEMnvVY2phunA0ddA.1","action":"SyncServerConnectionManagerRequest", "result":"SYNC_SERVER_OK", "context":{"environment":"Prod_southeastasia_prod-s01-064-apac-southeastasia", "migrationStage":"NotStarted", "server":"akswtt103000002"}}
{"logTime": "0923/105819", "correlationVector":"UHy8QaEMnvVY2phunA0ddA.2","action":"AAD.Mip.Unpack", "result":"Success", "context":MIP_CLOUD_COMMERCIAL:Success}
{"logTime": "0923/105819", "correlationVector":"UHy8QaEMnvVY2phunA0ddA.3","action":"EncryptionKeysManager::SetEncryptionKeys:", "result":"Success", "context":Key names[3]:[P/5sW7zW38OrfikEmy3h6KCFK4RyzAkgml4WfpPpoZVzdlEr1zxSyWRwSF6XliMaHVWxYj86GfTXrClIK55voQ==][SSjdqBXUu+WEoJEPfBkGJbHWSfeTYHO/uADO4MQ3VIjH7fHwQbXmcHcl5cqwxdIsKOpjDDl1hioJbgskjdOKXg==][CKG45RkUt2cVLRUUKFPIIx1Cw3UeNTwgfg4X7Vh937/hJk8o+ZZPlQLSoeaIHk8AbqUmvqxa2NAwU3Ee6XQ+rw==]}
{"logTime": "0923/105819", "correlationVector":"UHy8QaEMnvVY2phunA0ddA.4","action":"AAD.GetKeyResponse", "result":"Success", "context":Keys=3.LastKeyStatus=Active. 2025-04-01 13:05:17 +07.State=None. Tags: Current_encryption_keys_tag = MO+/ve+/ve+/ve+/vUvvv70ROe+/ve+/ve+/vXjvv71577+9J++/vdabJu+/ve+/ve+/vQB477+90LAl77+9, Updated_current_encryption_keys_tag = Empty. Emails: ["pannawit.ji.65@live.ubu.ac.th"]}
{"logTime": "0923/105819", "correlationVector":"UHy8QaEMnvVY2phunA0ddA.5","action":"ProcessGetUpdates", "result":"Done", "context":{"dataType":"Encryption Keys", "deleted":"0", "process_failed_to_decrypt":"0", "process_pending_decryption":"0", "process_success":"1", "total":"1"}}
{"logTime": "0923/105819", "correlationVector":"UHy8QaEMnvVY2phunA0ddA","action":"Initial GetUpdates", "result":"", "context":Reason: NEW_CLIENT. cV=UHy8QaEMnvVY2phunA0ddA}
{"logTime": "0923/105819", "correlationVector":"UHy8QaEMnvVY2phunA0ddA.6","action":"GetUpdates Response", "result":"Success", "context":Received 1 update(s). cV=UHy8QaEMnvVY2phunA0ddA.0;server=akswtt103000002;cloudType=Multitenant;environment=Prod_southeastasia_prod-s01-064-apac-southeastasia;migrationStage=NotStarted}
{"logTime": "0923/105819", "correlationVector":"d3/laTZ7AWRri+6yzWZrRA","action":"Initial GetUpdates", "result":"", "context":Reason: NEWLY_SUPPORTED_DATATYPE. cV=d3/laTZ7AWRri+6yzWZrRA}
{"logTime": "0923/105819", "correlationVector":"d3/laTZ7AWRri+6yzWZrRA.1","action":"SyncServerConnectionManagerRequest", "result":"SYNC_SERVER_OK", "context":{"environment":"Prod_southeastasia_prod-s01-064-apac-southeastasia", "migrationStage":"NotStarted", "server":"akswtt10300000a"}}
{"logTime": "0923/105819", "correlationVector":"d3/laTZ7AWRri+6yzWZrRA.2","action":"ProcessGetUpdates", "result":"Done", "context":{"dataType":"Passwords", "deleted":"0", "process_failed_to_decrypt":"0", "process_pending_decryption":"0", "process_success":"8", "total":"8"}}
{"logTime": "0923/105819", "correlationVector":"d3/laTZ7AWRri+6yzWZrRA.3","action":"GetUpdates Response", "result":"Success", "context":Received 8 update(s). cV=d3/laTZ7AWRri+6yzWZrRA.0;server=akswtt10300000a;cloudType=Multitenant;environment=Prod_southeastasia_prod-s01-064-apac-southeastasia;migrationStage=NotStarted}
{"logTime": "0923/105819", "correlationVector":"y88If9cQlliR3Fet8Om77A","action":"Normal GetUpdate request", "result":"", "context":cV=y88If9cQlliR3Fet8Om77A
Nudged types: Sessions, History
Refresh requested types: Bookmarks, Preferences, Passwords, Autofill Profiles, Autofill, Extensions, Sessions, Extension settings, History Delete Directives, Device Info, User Consents, Send Tab To Self, Web Apps, History, Saved Tab Group, WebAuthn Credentials, Collection, Edge E Drop, Edge Hub App Usage, Edge Wallet, Encryption Keys}
{"logTime": "0923/105819", "correlationVector":"y88If9cQlliR3Fet8Om77A.1","action":"SyncServerConnectionManagerRequest", "result":"SYNC_SERVER_OK", "context":{"environment":"Prod_southeastasia_prod-s01-064-apac-southeastasia", "migrationStage":"NotStarted", "server":"akswtt10300000m"}}
{"logTime": "0923/105819", "correlationVector":"y88If9cQlliR3Fet8Om77A.2","action":"ProcessGetUpdates", "result":"Done", "context":{"dataType":"Sessions", "deleted":"1", "process_failed_to_decrypt":"0", "process_pending_decryption":"0", "process_success":"3", "total":"3"}}
{"logTime": "0923/105819", "correlationVector":"y88If9cQlliR3Fet8Om77A.3","action":"ProcessGetUpdates", "result":"Done", "context":{"dataType":"Device Info", "deleted":"0", "process_failed_to_decrypt":"0", "process_pending_decryption":"0", "process_success":"1", "total":"1"}}
{"logTime": "0923/105819", "correlationVector":"y88If9cQlliR3Fet8Om77A.4","action":"ProcessGetUpdates", "result":"Done", "context":{"dataType":"History", "deleted":"0", "process_failed_to_decrypt":"0", "process_pending_decryption":"0", "process_success":"2", "total":"2"}}
{"logTime": "0923/105819", "correlationVector":"y88If9cQlliR3Fet8Om77A.5","action":"GetUpdates Response", "result":"Success", "context":Received 6 update(s). cV=y88If9cQlliR3Fet8Om77A.0;server=akswtt10300000m;cloudType=Multitenant;environment=Prod_southeastasia_prod-s01-064-apac-southeastasia;migrationStage=NotStarted}
{"logTime": "0923/105819", "correlationVector":"LrI7g7ZHqadzJpfDYFnxTE","action":"Commit Request", "result":"", "context":Item count: 1
Contributing types: History}
{"logTime": "0923/105820", "correlationVector":"LrI7g7ZHqadzJpfDYFnxTE.1","action":"SyncServerConnectionManagerRequest", "result":"SYNC_SERVER_OK", "context":{"environment":"Prod_southeastasia_prod-s01-064-apac-southeastasia", "migrationStage":"NotStarted", "server":"akswtt10300000d"}}
{"logTime": "0923/105820", "correlationVector":"LrI7g7ZHqadzJpfDYFnxTE.2","action":"Commit Response", "result":"Success", "context":Result: Success. cV=LrI7g7ZHqadzJpfDYFnxTE.0;server=akswtt10300000d;cloudType=Multitenant;environment=Prod_southeastasia_prod-s01-064-apac-southeastasia;migrationStage=NotStarted}
{"logTime": "0923/105918", "correlationVector":"r/1lIp0HYid8TFuZnzd5lx","action":"Commit Request", "result":"", "context":Item count: 5
Contributing types: Passwords, Sessions, History}
{"logTime": "0923/105918", "correlationVector":"r/1lIp0HYid8TFuZnzd5lx.1","action":"SyncServerConnectionManagerRequest", "result":"SYNC_SERVER_OK", "context":{"environment":"Prod_southeastasia_prod-s01-064-apac-southeastasia", "migrationStage":"NotStarted", "server":"akswtt10300000f"}}
{"logTime": "0923/105918", "correlationVector":"r/1lIp0HYid8TFuZnzd5lx.2","action":"Commit Response", "result":"Success", "context":Result: Success. cV=r/1lIp0HYid8TFuZnzd5lx.0;server=akswtt10300000f;cloudType=Multitenant;environment=Prod_southeastasia_prod-s01-064-apac-southeastasia;migrationStage=NotStarted}
