2025-09-23 10:49:53.684: [INFO][Sync] Reset engine, reason: 8
2025-09-23 10:49:53.684: [INFO][Sync] Stopped: Bookmarks
2025-09-23 10:49:53.684: [INFO][Sync] Stopped: Preferences
2025-09-23 10:49:53.684: [INFO][Sync] Stopped: Passwords
2025-09-23 10:49:53.684: [INFO][Sync] Stopped: Autofill Profiles
2025-09-23 10:49:53.684: [INFO][Sync] Stopped: Autofill
2025-09-23 10:49:53.684: [INFO][Sync] Stopped: Extensions
2025-09-23 10:49:53.684: [INFO][Sync] Stopped: Sessions
2025-09-23 10:49:53.684: [INFO][Sync] Stopped: Extension settings
2025-09-23 10:49:53.684: [INFO][Sync] Stopped: History Delete Directives
2025-09-23 10:49:53.684: [INFO][Sync] Stopped: Device Info
2025-09-23 10:49:53.684: [INFO][Sync] Stopped: User Consents
2025-09-23 10:49:53.684: [INFO][Sync] Stopped: Send Tab To Self
2025-09-23 10:49:53.684: [INFO][Sync] Stopped: Web Apps
2025-09-23 10:49:53.684: [INFO][Sync] Stopped: History
2025-09-23 10:49:53.684: [INFO][Sync] Stopped: Saved Tab Group
2025-09-23 10:49:53.684: [INFO][Sync] Stopped: WebAuthn Credentials
2025-09-23 10:49:53.684: [INFO][Sync] Stopped: Collection
2025-09-23 10:49:53.684: [INFO][Sync] Stopped: Edge E Drop
2025-09-23 10:49:53.684: [INFO][Sync] Stopped: Edge Hub App Usage
2025-09-23 10:49:53.684: [INFO][Sync] Stopped: Edge Wallet
2025-09-23 10:49:53.684: [INFO][Sync] SyncState after authenticated was: NotSignedIn
2025-09-23 10:49:53.839: [INFO][Sync] Reset engine, reason: 8
2025-09-23 10:49:53.839: [INFO][Sync] Stopped: Bookmarks
2025-09-23 10:49:53.839: [INFO][Sync] Stopped: Preferences
2025-09-23 10:49:53.839: [INFO][Sync] Stopped: Passwords
2025-09-23 10:49:53.839: [INFO][Sync] Stopped: Autofill Profiles
2025-09-23 10:49:53.839: [INFO][Sync] Stopped: Autofill
2025-09-23 10:49:53.839: [INFO][Sync] Stopped: Extensions
2025-09-23 10:49:53.839: [INFO][Sync] Stopped: Sessions
2025-09-23 10:49:53.839: [INFO][Sync] Stopped: Extension settings
2025-09-23 10:49:53.839: [INFO][Sync] Stopped: History Delete Directives
2025-09-23 10:49:53.839: [INFO][Sync] Stopped: Device Info
2025-09-23 10:49:53.839: [INFO][Sync] Stopped: User Consents
2025-09-23 10:49:53.839: [INFO][Sync] Stopped: Send Tab To Self
2025-09-23 10:49:53.839: [INFO][Sync] Stopped: Web Apps
2025-09-23 10:49:53.839: [INFO][Sync] Stopped: History
2025-09-23 10:49:53.839: [INFO][Sync] Stopped: Saved Tab Group
2025-09-23 10:49:53.839: [INFO][Sync] Stopped: WebAuthn Credentials
2025-09-23 10:49:53.839: [INFO][Sync] Stopped: Collection
2025-09-23 10:49:53.839: [INFO][Sync] Stopped: Edge E Drop
2025-09-23 10:49:53.839: [INFO][Sync] Stopped: Edge Hub App Usage
2025-09-23 10:49:53.839: [INFO][Sync] Stopped: Edge Wallet
2025-09-23 10:49:55.825: [INFO][Sync] Try to start sync engine
2025-09-23 10:49:55.826: [INFO][SyncManagerImpl::NudgeForInitialDownload] Initial download nudge for Encryption Keys
2025-09-23 10:49:55.826: [INFO][SyncEngineBackend::LoadAndConnectNigoriController] Load and connect Nigori controller
2025-09-23 10:49:55.826: [INFO][SyncEngineBackend::DoInitialize] Control Types added: Encryption Keys
2025-09-23 10:49:55.826: [INFO][SyncManagerImpl::ConfigureSyncer] Types to download: Encryption Keys with reason: 3
2025-09-23 10:49:55.826: [INFO][SyncSchedulerImpl::DoConfigurationSyncCycleJob] Configure job was blocked
2025-09-23 10:49:55.869: [INFO][SyncAuthManager::SetLastAuthError] Current auth error: None
2025-09-23 10:49:55.869: [INFO][SyncAuthManager::EdgeLogTokenErrorState] Token error with: None for account type: AAD
2025-09-23 10:49:55.869: [INFO][Sync] Credentials changed for: EdgeSyncKeyDataScope
2025-09-23 10:49:55.869: [INFO][SyncEngineBackend::DoUpdateKeyDataCredentials] Update key data credentials
2025-09-23 10:49:55.871: [INFO][SyncAuthManager::SetLastAuthError] Current auth error: None
2025-09-23 10:49:55.871: [INFO][SyncAuthManager::EdgeLogTokenErrorState] Token error with: None for account type: AAD
2025-09-23 10:49:55.871: [INFO][Sync] Credentials changed for: EdgeSyncScopeNew
2025-09-23 10:49:55.871: [INFO][SyncEngineBackend::DoUpdateCredentials] Update credentials
2025-09-23 10:49:55.871: [INFO][SyncEngineBackend::DoUpdateKeyDataCredentials] Update key data credentials
2025-09-23 10:49:55.871: [INFO][SyncSchedulerImpl::DoConfigurationSyncCycleJob] Blocked types:  and types to download: Encryption Keys
2025-09-23 10:49:57.532: [INFO][Sync] Started DataTypeManager configuration, reason: 4
2025-09-23 10:49:57.532: [INFO][Sync] Configuring for: Bookmarks, Preferences, Passwords, Autofill Profiles, Autofill, Extensions, Sessions, Extension settings, History Delete Directives, Device Info, User Consents, Send Tab To Self, Web Apps, History, Saved Tab Group, WebAuthn Credentials, Collection, Edge E Drop, Edge Hub App Usage, Edge Wallet, Encryption Keys, reason: 3, current state: 0
2025-09-23 10:49:57.532: [INFO][SyncEngineBackend::DoStartConfiguration] Start configuration
2025-09-23 10:49:57.534: [INFO][Sync] Configure, desired: Bookmarks, Preferences, Passwords, Autofill Profiles, Autofill, Extensions, Sessions, Extension settings, History Delete Directives, Device Info, User Consents, Send Tab To Self, Web Apps, History, Saved Tab Group, WebAuthn Credentials, Collection, Edge E Drop, Edge Hub App Usage, Edge Wallet, Encryption Keys; Allow fail: 
2025-09-23 10:49:57.534: [INFO][Sync] Loading: Bookmarks
2025-09-23 10:49:57.534: [INFO][Sync] Loading: Preferences
2025-09-23 10:49:57.534: [INFO][Sync] Loading: Passwords
2025-09-23 10:49:57.534: [INFO][Sync] Loading: Autofill Profiles
2025-09-23 10:49:57.534: [INFO][Sync] Loading: Autofill
2025-09-23 10:49:57.534: [INFO][Sync] Loading: Extensions
2025-09-23 10:49:57.534: [INFO][Sync] Loading: Sessions
2025-09-23 10:49:57.534: [INFO][Sync] Loading: Extension settings
2025-09-23 10:49:57.534: [INFO][Sync] Loading: History Delete Directives
2025-09-23 10:49:57.534: [INFO][Sync] Loading: Device Info
2025-09-23 10:49:57.534: [INFO][Sync] Loading: User Consents
2025-09-23 10:49:57.534: [INFO][Sync] Loading: Send Tab To Self
2025-09-23 10:49:57.534: [INFO][Sync] Loading: Web Apps
2025-09-23 10:49:57.534: [INFO][Sync] Loading: History
2025-09-23 10:49:57.534: [INFO][Sync] Loading: Saved Tab Group
2025-09-23 10:49:57.534: [INFO][Sync] Loading: WebAuthn Credentials
2025-09-23 10:49:57.534: [INFO][Sync] Loading: Collection
2025-09-23 10:49:57.534: [INFO][Sync] Loading: Edge E Drop
2025-09-23 10:49:57.534: [INFO][Sync] Loading: Edge Hub App Usage
2025-09-23 10:49:57.534: [INFO][Sync] Loading: Edge Wallet
2025-09-23 10:49:57.536: [INFO][Sync] All data types are ready for configure.
2025-09-23 10:49:57.536: [INFO][SyncManagerImpl::NudgeForInitialDownload] Initial download nudge for Bookmarks
2025-09-23 10:49:57.536: [INFO][SyncManagerImpl::NudgeForInitialDownload] Initial download nudge for Preferences
2025-09-23 10:49:57.536: [INFO][SyncManagerImpl::NudgeForInitialDownload] Initial download nudge for Passwords
2025-09-23 10:49:57.536: [INFO][SyncManagerImpl::NudgeForInitialDownload] Initial download nudge for Autofill Profiles
2025-09-23 10:49:57.536: [INFO][SyncManagerImpl::NudgeForInitialDownload] Initial download nudge for Autofill
2025-09-23 10:49:57.536: [INFO][SyncManagerImpl::NudgeForInitialDownload] Initial download nudge for Extensions
2025-09-23 10:49:57.536: [INFO][SyncManagerImpl::NudgeForInitialDownload] Initial download nudge for Sessions
2025-09-23 10:49:57.536: [INFO][SyncManagerImpl::NudgeForInitialDownload] Initial download nudge for Extension settings
2025-09-23 10:49:57.536: [INFO][SyncManagerImpl::NudgeForInitialDownload] Initial download nudge for History Delete Directives
2025-09-23 10:49:57.536: [INFO][SyncManagerImpl::NudgeForInitialDownload] Initial download nudge for Device Info
2025-09-23 10:49:57.536: [INFO][SyncManagerImpl::NudgeForInitialDownload] Initial download nudge for Send Tab To Self
2025-09-23 10:49:57.536: [INFO][SyncManagerImpl::NudgeForInitialDownload] Initial download nudge for Web Apps
2025-09-23 10:49:57.536: [INFO][SyncManagerImpl::NudgeForInitialDownload] Initial download nudge for History
2025-09-23 10:49:57.536: [INFO][SyncManagerImpl::NudgeForInitialDownload] Initial download nudge for Saved Tab Group
2025-09-23 10:49:57.536: [INFO][SyncManagerImpl::NudgeForInitialDownload] Initial download nudge for WebAuthn Credentials
2025-09-23 10:49:57.536: [INFO][SyncManagerImpl::NudgeForInitialDownload] Initial download nudge for Collection
2025-09-23 10:49:57.536: [INFO][SyncManagerImpl::NudgeForInitialDownload] Initial download nudge for Edge E Drop
2025-09-23 10:49:57.536: [INFO][SyncManagerImpl::NudgeForInitialDownload] Initial download nudge for Edge Hub App Usage
2025-09-23 10:49:57.536: [INFO][SyncManagerImpl::NudgeForInitialDownload] Initial download nudge for Edge Wallet
2025-09-23 10:49:57.536: [INFO][SyncManagerImpl::ConfigureSyncer] Types to download:  with reason: 3
2025-09-23 10:49:57.536: [INFO][SyncEngineBackend::DoFinishConfigureDataTypes] Failed to download types:  and succeeded types: 
2025-09-23 10:49:57.543: [INFO][Sync] ConfigurationDone, failed: , succeeded: , remaining count: 4
2025-09-23 10:49:57.543: [INFO][Sync] Prepare to configure types: Preferences, Passwords, Device Info, Send Tab To Self, Edge E Drop, Encryption Keys
2025-09-23 10:49:57.543: [INFO][SyncManagerImpl::ConfigureSyncer] Types to download: Preferences, Passwords, Device Info, Send Tab To Self, Edge E Drop, Encryption Keys with reason: 3
2025-09-23 10:49:57.543: [INFO][SyncSchedulerImpl::DoConfigurationSyncCycleJob] Blocked types:  and types to download: Preferences, Passwords, Device Info, Send Tab To Self, Edge E Drop, Encryption Keys
2025-09-23 10:49:57.883: [INFO][SyncEngineBackend::DoFinishConfigureDataTypes] Failed to download types:  and succeeded types: Preferences, Passwords, Device Info, Send Tab To Self, Edge E Drop, Encryption Keys
2025-09-23 10:49:57.888: [INFO][Sync] ConfigurationDone, failed: , succeeded: Preferences, Passwords, Device Info, Send Tab To Self, Edge E Drop, Encryption Keys, remaining count: 3
2025-09-23 10:49:57.888: [INFO][Sync] Prepare to configure types: Bookmarks, Encryption Keys
2025-09-23 10:49:57.888: [INFO][SyncManagerImpl::ConfigureSyncer] Types to download: Bookmarks, Encryption Keys with reason: 3
2025-09-23 10:49:57.888: [INFO][SyncSchedulerImpl::DoConfigurationSyncCycleJob] Blocked types:  and types to download: Bookmarks, Encryption Keys
2025-09-23 10:49:58.027: [INFO][SyncEngineBackend::DoFinishConfigureDataTypes] Failed to download types:  and succeeded types: Bookmarks, Encryption Keys
2025-09-23 10:49:58.032: [INFO][Sync] ConfigurationDone, failed: , succeeded: Bookmarks, Encryption Keys, remaining count: 2
2025-09-23 10:49:58.032: [INFO][Sync] Prepare to configure types: Autofill Profiles, Autofill, Extensions, Sessions, Extension settings, History Delete Directives, Web Apps, Saved Tab Group, WebAuthn Credentials, Collection, Edge Hub App Usage, Edge Wallet, Encryption Keys
2025-09-23 10:49:58.032: [INFO][SyncManagerImpl::ConfigureSyncer] Types to download: Autofill Profiles, Autofill, Extensions, Sessions, Extension settings, History Delete Directives, Web Apps, Saved Tab Group, WebAuthn Credentials, Collection, Edge Hub App Usage, Edge Wallet, Encryption Keys with reason: 3
2025-09-23 10:49:58.032: [INFO][SyncSchedulerImpl::DoConfigurationSyncCycleJob] Blocked types:  and types to download: Autofill Profiles, Autofill, Extensions, Sessions, Extension settings, History Delete Directives, Web Apps, Saved Tab Group, WebAuthn Credentials, Collection, Edge Hub App Usage, Edge Wallet, Encryption Keys
2025-09-23 10:49:58.279: [INFO][SyncEngineBackend::DoFinishConfigureDataTypes] Failed to download types:  and succeeded types: Autofill Profiles, Autofill, Extensions, Sessions, Extension settings, History Delete Directives, Web Apps, Saved Tab Group, WebAuthn Credentials, Collection, Edge Hub App Usage, Edge Wallet, Encryption Keys
2025-09-23 10:49:58.282: [INFO][Sync] ConfigurationDone, failed: , succeeded: Autofill Profiles, Autofill, Extensions, Sessions, Extension settings, History Delete Directives, Web Apps, Saved Tab Group, WebAuthn Credentials, Collection, Edge Hub App Usage, Edge Wallet, Encryption Keys, remaining count: 1
2025-09-23 10:49:58.284: [INFO][Sync] Prepare to configure types: History, Encryption Keys
2025-09-23 10:49:58.284: [INFO][SyncManagerImpl::ConfigureSyncer] Types to download: History, Encryption Keys with reason: 3
2025-09-23 10:49:58.284: [INFO][SyncSchedulerImpl::DoConfigurationSyncCycleJob] Blocked types:  and types to download: History, Encryption Keys
2025-09-23 10:49:58.470: [INFO][SyncEngineBackend::DoFinishConfigureDataTypes] Failed to download types:  and succeeded types: History, Encryption Keys
2025-09-23 10:49:58.471: [INFO][Sync] ConfigurationDone, failed: , succeeded: History, Encryption Keys, remaining count: 0
2025-09-23 10:49:58.472: [INFO][Sync]     Configuration completed, state: 3
2025-09-23 10:49:58.473: [INFO][Sync] Configured DataTypeManager: Ok
2025-09-23 10:49:58.474: [INFO][SyncEngineBackend::DoStartSyncing] Start syncing
2025-09-23 10:50:49.799: [INFO][Sync] Reset engine, reason: 0
2025-09-23 10:50:49.799: [INFO][Sync] Reset engine with reason: 0
2025-09-23 10:58:17.888: [INFO][Sync] SyncState after authenticated was: FeatureCanStart
2025-09-23 10:58:18.182: [INFO][SyncAuthManager::SetLastAuthError] Current auth error: None
2025-09-23 10:58:18.182: [INFO][SyncAuthManager::EdgeLogTokenErrorState] Token error with: None for account type: AAD
2025-09-23 10:58:18.182: [INFO][Sync] Credentials changed for: EdgeSyncKeyDataScope
2025-09-23 10:58:18.182: [INFO][Sync] Try to start sync engine
2025-09-23 10:58:18.184: [INFO][SyncManagerImpl::NudgeForInitialDownload] Initial download nudge for Encryption Keys
2025-09-23 10:58:18.184: [INFO][SyncEngineBackend::LoadAndConnectNigoriController] Load and connect Nigori controller
2025-09-23 10:58:18.184: [INFO][SyncEngineBackend::DoInitialize] Control Types added: Encryption Keys
2025-09-23 10:58:18.184: [INFO][SyncManagerImpl::ConfigureSyncer] Types to download: Encryption Keys with reason: 3
2025-09-23 10:58:18.184: [INFO][SyncEngineBackend::DoUpdateKeyDataCredentials] Update key data credentials
2025-09-23 10:58:18.184: [INFO][SyncSchedulerImpl::DoConfigurationSyncCycleJob] Configure job was blocked
2025-09-23 10:58:18.212: [INFO][SyncAuthManager::SetLastAuthError] Current auth error: None
2025-09-23 10:58:18.212: [INFO][SyncAuthManager::EdgeLogTokenErrorState] Token error with: None for account type: AAD
2025-09-23 10:58:18.212: [INFO][Sync] Credentials changed for: EdgeSyncScopeNew
2025-09-23 10:58:18.212: [INFO][SyncEngineBackend::DoUpdateCredentials] Update credentials
2025-09-23 10:58:18.212: [INFO][SyncSchedulerImpl::DoConfigurationSyncCycleJob] Blocked types:  and types to download: Encryption Keys
2025-09-23 10:58:19.555: [INFO][SyncEngineBackend::DoUpdateKeyDataCredentials] Update key data credentials
2025-09-23 10:58:19.563: [INFO][Sync] Started DataTypeManager configuration, reason: 4
2025-09-23 10:58:19.563: [INFO][Sync] Configuring for: Bookmarks, Preferences, Passwords, Autofill Profiles, Autofill, Extensions, Sessions, Extension settings, History Delete Directives, Device Info, User Consents, Send Tab To Self, Web Apps, History, Saved Tab Group, WebAuthn Credentials, Collection, Edge E Drop, Edge Hub App Usage, Edge Wallet, Encryption Keys, reason: 4, current state: 0
2025-09-23 10:58:19.563: [INFO][SyncEngineBackend::DoStartConfiguration] Start configuration
2025-09-23 10:58:19.565: [INFO][Sync] Configure, desired: Bookmarks, Preferences, Passwords, Autofill Profiles, Autofill, Extensions, Sessions, Extension settings, History Delete Directives, Device Info, User Consents, Send Tab To Self, Web Apps, History, Saved Tab Group, WebAuthn Credentials, Collection, Edge E Drop, Edge Hub App Usage, Edge Wallet, Encryption Keys; Allow fail: 
2025-09-23 10:58:19.565: [INFO][Sync] Loading: Bookmarks
2025-09-23 10:58:19.565: [INFO][Sync] Loading: Preferences
2025-09-23 10:58:19.565: [INFO][Sync] Loading: Passwords
2025-09-23 10:58:19.565: [INFO][Sync] Loading: Autofill Profiles
2025-09-23 10:58:19.565: [INFO][Sync] Loading: Autofill
2025-09-23 10:58:19.565: [INFO][Sync] Loading: Extensions
2025-09-23 10:58:19.565: [INFO][Sync] Loading: Sessions
2025-09-23 10:58:19.565: [INFO][Sync] Loading: Extension settings
2025-09-23 10:58:19.565: [INFO][Sync] Loading: History Delete Directives
2025-09-23 10:58:19.566: [INFO][Sync] Loading: Device Info
2025-09-23 10:58:19.566: [INFO][Sync] Loading: User Consents
2025-09-23 10:58:19.566: [INFO][Sync] Loading: Send Tab To Self
2025-09-23 10:58:19.566: [INFO][Sync] Loading: Web Apps
2025-09-23 10:58:19.566: [INFO][Sync] Loading: History
2025-09-23 10:58:19.566: [INFO][Sync] Loading: Saved Tab Group
2025-09-23 10:58:19.566: [INFO][Sync] Loading: WebAuthn Credentials
2025-09-23 10:58:19.566: [INFO][Sync] Loading: Collection
2025-09-23 10:58:19.566: [INFO][Sync] Loading: Edge E Drop
2025-09-23 10:58:19.566: [INFO][Sync] Loading: Edge Hub App Usage
2025-09-23 10:58:19.566: [INFO][Sync] Loading: Edge Wallet
2025-09-23 10:58:19.571: [INFO][Sync] All data types are ready for configure.
2025-09-23 10:58:19.571: [INFO][SyncManagerImpl::NudgeForInitialDownload] Initial download nudge for Passwords
2025-09-23 10:58:19.572: [INFO][SyncManagerImpl::ConfigureSyncer] Types to download:  with reason: 4
2025-09-23 10:58:19.572: [INFO][SyncEngineBackend::DoFinishConfigureDataTypes] Failed to download types:  and succeeded types: 
2025-09-23 10:58:19.580: [INFO][Sync] ConfigurationDone, failed: , succeeded: , remaining count: 4
2025-09-23 10:58:19.580: [INFO][Sync] Prepare to configure types: Passwords, Encryption Keys
2025-09-23 10:58:19.580: [INFO][SyncManagerImpl::ConfigureSyncer] Types to download: Passwords, Encryption Keys with reason: 4
2025-09-23 10:58:19.581: [INFO][SyncSchedulerImpl::DoConfigurationSyncCycleJob] Blocked types:  and types to download: Passwords, Encryption Keys
2025-09-23 10:58:19.824: [INFO][SyncEngineBackend::DoFinishConfigureDataTypes] Failed to download types:  and succeeded types: Passwords, Encryption Keys
2025-09-23 10:58:19.827: [INFO][Sync] ConfigurationDone, failed: , succeeded: Passwords, Encryption Keys, remaining count: 3
2025-09-23 10:58:19.827: [INFO][SyncManagerImpl::ConfigureSyncer] Types to download:  with reason: 4
2025-09-23 10:58:19.827: [INFO][SyncEngineBackend::DoFinishConfigureDataTypes] Failed to download types:  and succeeded types: 
2025-09-23 10:58:19.827: [INFO][Sync] ConfigurationDone, failed: , succeeded: , remaining count: 2
2025-09-23 10:58:19.827: [INFO][SyncManagerImpl::ConfigureSyncer] Types to download:  with reason: 4
2025-09-23 10:58:19.827: [INFO][SyncEngineBackend::DoFinishConfigureDataTypes] Failed to download types:  and succeeded types: 
2025-09-23 10:58:19.834: [INFO][Sync] ConfigurationDone, failed: , succeeded: , remaining count: 1
2025-09-23 10:58:19.835: [INFO][SyncManagerImpl::ConfigureSyncer] Types to download:  with reason: 4
2025-09-23 10:58:19.835: [INFO][SyncEngineBackend::DoFinishConfigureDataTypes] Failed to download types:  and succeeded types: 
2025-09-23 10:58:19.835: [INFO][Sync] ConfigurationDone, failed: , succeeded: , remaining count: 0
2025-09-23 10:58:19.836: [INFO][Sync]     Configuration completed, state: 3
2025-09-23 10:58:19.837: [INFO][Sync] Configured DataTypeManager: Ok
2025-09-23 10:58:19.839: [INFO][SyncEngineBackend::DoStartSyncing] Start syncing
2025-09-23 10:59:25.221: [INFO][Sync] Reset engine, reason: 0
2025-09-23 10:59:25.221: [INFO][Sync] Reset engine with reason: 0
